// Jest Snapshot v1, https://goo.gl/fbAQLP

exports[`<Counter /> renders 1`] = `
<ForwardRef>
  <ForwardRef>
    3
  </ForwardRef>
  <ForwardRef
    onClick={[Function]}
  >
    Reset
  </ForwardRef>
  <ForwardRef
    onClick={[Function]}
  >
    +
  </ForwardRef>
  <ForwardRef
    onClick={[Function]}
  >
    -
  </ForwardRef>
</ForwardRef>
`;
